// Jest Snapshot v1, https://goo.gl/fbAQLP

exports[`WeatherCardFooter component renders correctly 1`] = `
<div
  className=" text-light d-flex flex-column rounded-3 overflow-hidden"
  onClick={[Function]}
>
  <div
    className="p-3"
    style={
      Object {
        "backgroundColor": "#388EE7",
        "backgroundImage": "url(image-file-stub)",
        "backgroundPositionX": "center",
        "backgroundRepeat": "no-repeat",
        "backgroundSize": "cover",
      }
    }
  >
    <div
      className="d-flex justify-content-end"
    >
      <svg
        aria-hidden="true"
        className="svg-inline--fa fa-xmark "
        data-icon="xmark"
        data-prefix="fas"
        focusable="false"
        role="img"
        style={
          Object {
            "color": "white",
          }
        }
        viewBox="0 0 384 512"
        xmlns="http://www.w3.org/2000/svg"
      >
        <path
          d="M342.6 150.6c12.5-12.5 12.5-32.8 0-45.3s-32.8-12.5-45.3 0L192 210.7 86.6 105.4c-12.5-12.5-32.8-12.5-45.3 0s-12.5 32.8 0 45.3L146.7 256 41.4 361.4c-12.5 12.5-12.5 32.8 0 45.3s32.8 12.5 45.3 0L192 301.3 297.4 406.6c12.5 12.5 32.8 12.5 45.3 0s12.5-32.8 0-45.3L237.3 256 342.6 150.6z"
          fill="currentColor"
          style={Object {}}
        />
      </svg>
    </div>
    <div
      className="m-1 m-md-4 px-1 d-flex justify-content-between"
    >
      <div
        className="d-flex flex-column justify-content-between"
      >
        <div
          className="d-flex flex-column align-items-center"
        >
          <span
            className="fs-3"
          >
             
            New York, US
             
          </span>
          <span
            className="align-self-center"
          >
            04:51 pm, Jan 28
          </span>
        </div>
        <div
          className="align-self-center fs-5"
        >
          <img
            alt="weather-icon"
            src="http://openweathermap.org/img/w/01d.png"
          />
          Clear sky
        </div>
      </div>
      <div
        className="d-flex flex-column justify-content-between "
      >
        <span
          className="d-flex flex-column display-1 "
        >
          <strong>
            26
            °c
          </strong>
        </span>
        <div>
          <span
            className="d-block"
          >
            Temp Min: 
            22
            °c
          </span>
          <span
            className="d-block"
          >
            Temp Max: 
            28
            °c
          </span>
        </div>
      </div>
    </div>
  </div>
  <div>
    <div
      className="d-flex justify-content-center gap-3 p-4 "
      style={
        Object {
          "backgroundColor": "#383B47",
        }
      }
    >
      <div
        className="d-flex flex-column"
      >
        <span>
          Pressure: 1015hPa
        </span>
        <span>
          Humidity: 50%
        </span>
        <span>
          Visibility: 10km
        </span>
      </div>
      <div
        style={
          Object {
            "border": "1px solid #585a61",
          }
        }
      />
      <div
        className="d-flex flex-column justify-content-center gap-2"
      >
        <svg
          aria-hidden="true"
          className="svg-inline--fa fa-location-arrow fa-2x "
          data-icon="location-arrow"
          data-prefix="fas"
          focusable="false"
          role="img"
          style={
            Object {
              "color": "white",
            }
          }
          viewBox="0 0 448 512"
          xmlns="http://www.w3.org/2000/svg"
        >
          <path
            d="M429.6 92.1c4.9-11.9 2.1-25.6-7-34.7s-22.8-11.9-34.7-7l-352 144c-14.2 5.8-22.2 20.8-19.3 35.8s16.1 25.8 31.4 25.8H224V432c0 15.3 10.8 28.4 25.8 31.4s30-5.1 35.8-19.3l144-352z"
            fill="currentColor"
            style={Object {}}
          />
        </svg>
        <span>
          5.0m/s 180 Degree
        </span>
      </div>
      <div
        style={
          Object {
            "border": "1px solid #585a61",
          }
        }
      />
      <div
        className="d-flex flex-column justify-content-center"
      >
        <span>
          Sunrise: 6:05am
        </span>
        <span>
          Sunset: 6:05am
        </span>
      </div>
    </div>
  </div>
</div>
`;
