// Jest Snapshot v1, https://goo.gl/fbAQLP

exports[`Header component renders correctly 1`] = `
<footer
  className="mt-5 py-3 bg-dark position-relative w-100 bottom-0"
>
  <div
    className="d-flex justify-content-center"
  >
    <span
      className="text-light"
    >
      Fidenz Academy - 2024
    </span>
  </div>
</footer>
`;
