// Jest Snapshot v1, https://goo.gl/fbAQLP

exports[`WeatherCardFooter component renders correctly 1`] = `
<div>
  <div
    className="d-flex justify-content-center gap-3 p-4 "
    style={
      Object {
        "backgroundColor": "#383B47",
      }
    }
  >
    <div
      className="d-flex flex-column"
    >
      <span>
        Pressure: 1015hPa
      </span>
      <span>
        Humidity: 50%
      </span>
      <span>
        Visibility: 10km
      </span>
    </div>
    <div
      style={
        Object {
          "border": "1px solid #585a61",
        }
      }
    />
    <div
      className="d-flex flex-column justify-content-center gap-2"
    >
      <svg
        aria-hidden="true"
        className="svg-inline--fa fa-location-arrow fa-2x "
        data-icon="location-arrow"
        data-prefix="fas"
        focusable="false"
        role="img"
        style={
          Object {
            "color": "white",
          }
        }
        viewBox="0 0 448 512"
        xmlns="http://www.w3.org/2000/svg"
      >
        <path
          d="M429.6 92.1c4.9-11.9 2.1-25.6-7-34.7s-22.8-11.9-34.7-7l-352 144c-14.2 5.8-22.2 20.8-19.3 35.8s16.1 25.8 31.4 25.8H224V432c0 15.3 10.8 28.4 25.8 31.4s30-5.1 35.8-19.3l144-352z"
          fill="currentColor"
          style={Object {}}
        />
      </svg>
      <span>
        5.0m/s 180 Degree
      </span>
    </div>
    <div
      style={
        Object {
          "border": "1px solid #585a61",
        }
      }
    />
    <div
      className="d-flex flex-column justify-content-center"
    >
      <span>
        Sunrise: 6:05am
      </span>
      <span>
        Sunset: 6:05am
      </span>
    </div>
  </div>
</div>
`;
